------------------------------------------------------------
TimeQuest Timing Analyzer Summary
------------------------------------------------------------

Type  : Slow 1200mV 85C Model Setup 'pll200|altpll_component|auto_generated|pll1|clk[0]'
Slack : 0.766
TNS   : 0.000

Type  : Slow 1200mV 85C Model Setup 'altera_reserved_tck'
Slack : 44.617
TNS   : 0.000

Type  : Slow 1200mV 85C Model Hold 'pll200|altpll_component|auto_generated|pll1|clk[0]'
Slack : 0.215
TNS   : 0.000

Type  : Slow 1200mV 85C Model Hold 'altera_reserved_tck'
Slack : 0.265
TNS   : 0.000

Type  : Slow 1200mV 85C Model Recovery 'altera_reserved_tck'
Slack : 95.899
TNS   : 0.000

Type  : Slow 1200mV 85C Model Removal 'altera_reserved_tck'
Slack : 1.165
TNS   : 0.000

Type  : Slow 1200mV 85C Model Minimum Pulse Width 'pll200|altpll_component|auto_generated|pll1|clk[0]'
Slack : 1.814
TNS   : 0.000

Type  : Slow 1200mV 85C Model Minimum Pulse Width 'MAX10_CLK1_50'
Slack : 9.724
TNS   : 0.000

Type  : Slow 1200mV 85C Model Minimum Pulse Width 'altera_reserved_tck'
Slack : 49.485
TNS   : 0.000

Type  : Slow 1200mV 0C Model Setup 'pll200|altpll_component|auto_generated|pll1|clk[0]'
Slack : 1.179
TNS   : 0.000

Type  : Slow 1200mV 0C Model Setup 'altera_reserved_tck'
Slack : 45.140
TNS   : 0.000

Type  : Slow 1200mV 0C Model Hold 'pll200|altpll_component|auto_generated|pll1|clk[0]'
Slack : 0.214
TNS   : 0.000

Type  : Slow 1200mV 0C Model Hold 'altera_reserved_tck'
Slack : 0.252
TNS   : 0.000

Type  : Slow 1200mV 0C Model Recovery 'altera_reserved_tck'
Slack : 96.279
TNS   : 0.000

Type  : Slow 1200mV 0C Model Removal 'altera_reserved_tck'
Slack : 1.088
TNS   : 0.000

Type  : Slow 1200mV 0C Model Minimum Pulse Width 'pll200|altpll_component|auto_generated|pll1|clk[0]'
Slack : 1.970
TNS   : 0.000

Type  : Slow 1200mV 0C Model Minimum Pulse Width 'MAX10_CLK1_50'
Slack : 9.758
TNS   : 0.000

Type  : Slow 1200mV 0C Model Minimum Pulse Width 'altera_reserved_tck'
Slack : 49.504
TNS   : 0.000

Type  : Fast 1200mV 0C Model Setup 'pll200|altpll_component|auto_generated|pll1|clk[0]'
Slack : 2.932
TNS   : 0.000

Type  : Fast 1200mV 0C Model Setup 'altera_reserved_tck'
Slack : 47.561
TNS   : 0.000

Type  : Fast 1200mV 0C Model Hold 'pll200|altpll_component|auto_generated|pll1|clk[0]'
Slack : 0.097
TNS   : 0.000

Type  : Fast 1200mV 0C Model Hold 'altera_reserved_tck'
Slack : 0.117
TNS   : 0.000

Type  : Fast 1200mV 0C Model Recovery 'altera_reserved_tck'
Slack : 97.809
TNS   : 0.000

Type  : Fast 1200mV 0C Model Removal 'altera_reserved_tck'
Slack : 0.527
TNS   : 0.000

Type  : Fast 1200mV 0C Model Minimum Pulse Width 'pll200|altpll_component|auto_generated|pll1|clk[0]'
Slack : 2.215
TNS   : 0.000

Type  : Fast 1200mV 0C Model Minimum Pulse Width 'MAX10_CLK1_50'
Slack : 9.524
TNS   : 0.000

Type  : Fast 1200mV 0C Model Minimum Pulse Width 'altera_reserved_tck'
Slack : 49.391
TNS   : 0.000

------------------------------------------------------------
