------------------------------------------------------------
TimeQuest Timing Analyzer Summary
------------------------------------------------------------

Type  : Slow 1200mV 85C Model Setup 'MAX10_CLK1_50'
Slack : -0.396
TNS   : -7.971

Type  : Slow 1200mV 85C Model Setup 'pll66|altpll_component|auto_generated|pll1|clk[0]'
Slack : 0.658
TNS   : 0.000

Type  : Slow 1200mV 85C Model Setup 'altera_reserved_tck'
Slack : 45.373
TNS   : 0.000

Type  : Slow 1200mV 85C Model Hold 'MAX10_CLK1_50'
Slack : 0.209
TNS   : 0.000

Type  : Slow 1200mV 85C Model Hold 'pll66|altpll_component|auto_generated|pll1|clk[0]'
Slack : 0.237
TNS   : 0.000

Type  : Slow 1200mV 85C Model Hold 'altera_reserved_tck'
Slack : 0.258
TNS   : 0.000

Type  : Slow 1200mV 85C Model Recovery 'altera_reserved_tck'
Slack : 95.556
TNS   : 0.000

Type  : Slow 1200mV 85C Model Removal 'altera_reserved_tck'
Slack : 0.986
TNS   : 0.000

Type  : Slow 1200mV 85C Model Minimum Pulse Width 'pll66|altpll_component|auto_generated|pll1|clk[0]'
Slack : 7.186
TNS   : 0.000

Type  : Slow 1200mV 85C Model Minimum Pulse Width 'MAX10_CLK1_50'
Slack : 9.445
TNS   : 0.000

Type  : Slow 1200mV 85C Model Minimum Pulse Width 'altera_reserved_tck'
Slack : 49.496
TNS   : 0.000

Type  : Slow 1200mV 0C Model Setup 'MAX10_CLK1_50'
Slack : -0.285
TNS   : -4.202

Type  : Slow 1200mV 0C Model Setup 'pll66|altpll_component|auto_generated|pll1|clk[0]'
Slack : 1.505
TNS   : 0.000

Type  : Slow 1200mV 0C Model Setup 'altera_reserved_tck'
Slack : 45.809
TNS   : 0.000

Type  : Slow 1200mV 0C Model Hold 'MAX10_CLK1_50'
Slack : 0.204
TNS   : 0.000

Type  : Slow 1200mV 0C Model Hold 'pll66|altpll_component|auto_generated|pll1|clk[0]'
Slack : 0.212
TNS   : 0.000

Type  : Slow 1200mV 0C Model Hold 'altera_reserved_tck'
Slack : 0.242
TNS   : 0.000

Type  : Slow 1200mV 0C Model Recovery 'altera_reserved_tck'
Slack : 95.979
TNS   : 0.000

Type  : Slow 1200mV 0C Model Removal 'altera_reserved_tck'
Slack : 0.912
TNS   : 0.000

Type  : Slow 1200mV 0C Model Minimum Pulse Width 'pll66|altpll_component|auto_generated|pll1|clk[0]'
Slack : 7.198
TNS   : 0.000

Type  : Slow 1200mV 0C Model Minimum Pulse Width 'MAX10_CLK1_50'
Slack : 9.459
TNS   : 0.000

Type  : Slow 1200mV 0C Model Minimum Pulse Width 'altera_reserved_tck'
Slack : 49.511
TNS   : 0.000

Type  : Fast 1200mV 0C Model Setup 'MAX10_CLK1_50'
Slack : 1.800
TNS   : 0.000

Type  : Fast 1200mV 0C Model Setup 'pll66|altpll_component|auto_generated|pll1|clk[0]'
Slack : 2.879
TNS   : 0.000

Type  : Fast 1200mV 0C Model Setup 'altera_reserved_tck'
Slack : 47.986
TNS   : 0.000

Type  : Fast 1200mV 0C Model Hold 'pll66|altpll_component|auto_generated|pll1|clk[0]'
Slack : 0.085
TNS   : 0.000

Type  : Fast 1200mV 0C Model Hold 'MAX10_CLK1_50'
Slack : 0.094
TNS   : 0.000

Type  : Fast 1200mV 0C Model Hold 'altera_reserved_tck'
Slack : 0.106
TNS   : 0.000

Type  : Fast 1200mV 0C Model Recovery 'altera_reserved_tck'
Slack : 97.633
TNS   : 0.000

Type  : Fast 1200mV 0C Model Removal 'altera_reserved_tck'
Slack : 0.457
TNS   : 0.000

Type  : Fast 1200mV 0C Model Minimum Pulse Width 'pll66|altpll_component|auto_generated|pll1|clk[0]'
Slack : 7.219
TNS   : 0.000

Type  : Fast 1200mV 0C Model Minimum Pulse Width 'MAX10_CLK1_50'
Slack : 9.266
TNS   : 0.000

Type  : Fast 1200mV 0C Model Minimum Pulse Width 'altera_reserved_tck'
Slack : 49.394
TNS   : 0.000

------------------------------------------------------------
