------------------------------------------------------------
TimeQuest Timing Analyzer Summary
------------------------------------------------------------

Type  : Slow 1200mV 85C Model Setup 'pll200|altpll_component|auto_generated|pll1|clk[0]'
Slack : -0.002
TNS   : -0.002

Type  : Slow 1200mV 85C Model Hold 'pll200|altpll_component|auto_generated|pll1|clk[0]'
Slack : 0.314
TNS   : 0.000

Type  : Slow 1200mV 85C Model Minimum Pulse Width 'pll200|altpll_component|auto_generated|pll1|clk[0]'
Slack : 1.775
TNS   : 0.000

Type  : Slow 1200mV 85C Model Minimum Pulse Width 'MAX10_CLK1_50'
Slack : 9.724
TNS   : 0.000

Type  : Slow 1200mV 0C Model Setup 'pll200|altpll_component|auto_generated|pll1|clk[0]'
Slack : 0.455
TNS   : 0.000

Type  : Slow 1200mV 0C Model Hold 'pll200|altpll_component|auto_generated|pll1|clk[0]'
Slack : 0.285
TNS   : 0.000

Type  : Slow 1200mV 0C Model Minimum Pulse Width 'pll200|altpll_component|auto_generated|pll1|clk[0]'
Slack : 1.775
TNS   : 0.000

Type  : Slow 1200mV 0C Model Minimum Pulse Width 'MAX10_CLK1_50'
Slack : 9.758
TNS   : 0.000

Type  : Fast 1200mV 0C Model Setup 'pll200|altpll_component|auto_generated|pll1|clk[0]'
Slack : 2.551
TNS   : 0.000

Type  : Fast 1200mV 0C Model Hold 'pll200|altpll_component|auto_generated|pll1|clk[0]'
Slack : 0.144
TNS   : 0.000

Type  : Fast 1200mV 0C Model Minimum Pulse Width 'pll200|altpll_component|auto_generated|pll1|clk[0]'
Slack : 2.249
TNS   : 0.000

Type  : Fast 1200mV 0C Model Minimum Pulse Width 'MAX10_CLK1_50'
Slack : 9.524
TNS   : 0.000

------------------------------------------------------------
