------------------------------------------------------------
TimeQuest Timing Analyzer Summary
------------------------------------------------------------

Type  : Slow 1200mV 85C Model Setup 'pll200|altpll_component|auto_generated|pll1|clk[0]'
Slack : 1.735
TNS   : 0.000

Type  : Slow 1200mV 85C Model Hold 'pll200|altpll_component|auto_generated|pll1|clk[0]'
Slack : 0.331
TNS   : 0.000

Type  : Slow 1200mV 85C Model Minimum Pulse Width 'pll200|altpll_component|auto_generated|pll1|clk[0]'
Slack : 2.239
TNS   : 0.000

Type  : Slow 1200mV 85C Model Minimum Pulse Width 'MAX10_CLK1_50'
Slack : 9.724
TNS   : 0.000

Type  : Slow 1200mV 0C Model Setup 'pll200|altpll_component|auto_generated|pll1|clk[0]'
Slack : 2.055
TNS   : 0.000

Type  : Slow 1200mV 0C Model Hold 'pll200|altpll_component|auto_generated|pll1|clk[0]'
Slack : 0.300
TNS   : 0.000

Type  : Slow 1200mV 0C Model Minimum Pulse Width 'pll200|altpll_component|auto_generated|pll1|clk[0]'
Slack : 2.220
TNS   : 0.000

Type  : Slow 1200mV 0C Model Minimum Pulse Width 'MAX10_CLK1_50'
Slack : 9.758
TNS   : 0.000

Type  : Fast 1200mV 0C Model Setup 'pll200|altpll_component|auto_generated|pll1|clk[0]'
Slack : 3.395
TNS   : 0.000

Type  : Fast 1200mV 0C Model Hold 'pll200|altpll_component|auto_generated|pll1|clk[0]'
Slack : 0.152
TNS   : 0.000

Type  : Fast 1200mV 0C Model Minimum Pulse Width 'pll200|altpll_component|auto_generated|pll1|clk[0]'
Slack : 2.276
TNS   : 0.000

Type  : Fast 1200mV 0C Model Minimum Pulse Width 'MAX10_CLK1_50'
Slack : 9.524
TNS   : 0.000

------------------------------------------------------------
